{"synthetic": false,
 "schemaVersion": "2025-09-10",
 "outputs":
 {"o": ["115a77c9cde19749.olean"],
  "i": "5813aa794cfdbc8f.ilean",
  "c": "f50225a9429a612b.c"},
 "log":
 [{"message":
   ".> LEAN_PATH=/home/ryuhei_kiso/github/remake/k1s0/src/formal/lean4/.lake/build/lib/lean /home/ryuhei_kiso/.elan/toolchains/leanprover--lean4---v4.29.1/bin/lean /home/ryuhei_kiso/github/remake/k1s0/src/formal/lean4/Tier1/HLC/Monotone.lean -o /home/ryuhei_kiso/github/remake/k1s0/src/formal/lean4/.lake/build/lib/lean/Tier1/HLC/Monotone.olean -i /home/ryuhei_kiso/github/remake/k1s0/src/formal/lean4/.lake/build/lib/lean/Tier1/HLC/Monotone.ilean -c /home/ryuhei_kiso/github/remake/k1s0/src/formal/lean4/.lake/build/ir/Tier1/HLC/Monotone.c --setup /home/ryuhei_kiso/github/remake/k1s0/src/formal/lean4/.lake/build/ir/Tier1/HLC/Monotone.setup.json --json",
   "level": "trace"}],
 "inputs":
 [["Tier1.HLC.Monotone:deps",
   [["deps",
     [["k1s0Formal/K1s0Formal:extraDep",
       [["@k1s0Formal:extraDep", "00000000000006bb"]]],
      ["imports", "00000000000006bb"]]],
    ["libs",
     [["import dynlibs", "00000000000006bb"],
      ["package external libraries", "00000000000006bb"],
      ["module dynlibs", "00000000000006bb"],
      ["module plugins", "00000000000006bb"]]]]],
  ["Lean 4.29.1, commit f72c35b3f637c8c6571d353742168ab66cc22c00",
   "fa77a35a41db35c0"],
  ["/home/ryuhei_kiso/github/remake/k1s0/src/formal/lean4/Tier1/HLC/Monotone.lean",
   "a6e0d86717c7c3f5"],
  ["options", "00000000000006bb"],
  ["isModule: false", "feefd2a0d3a1847e"],
  ["Module.name: Tier1.HLC.Monotone", "4b6ced6c799b6ea9"],
  ["Package.id?: (some k1s0Formal)", "bade38e1cd1e267e"],
  ["Module.leanArgs: #[]", "00000000000006bb"]],
 "depHash": "32c07027bd2a64b8"}